<html>
<body>
<pre>
<h1>礦ision Build Log</h1>
<h2>Tool Versions:</h2>
IDE-Version: μVision V5.14.0.0
Copyright (C) 2015 ARM Ltd and ARM Germany GmbH. All rights reserved.
License Information: su yang, su, LIC=6XJUH-WDZPR-4A1DE-5BU7H-QA6NC-4QDJI
 
Tool Versions:
Toolchain:       MDK-ARM Professional  Version: 5.14.0.0
Toolchain Path:  C:\Keil_v5\ARM\ARMCC\Bin
C Compiler:      Armcc.exe V5.05 update 1 (build 106)
Assembler:       Armasm.exe V5.05 update 1 (build 106)
Linker/Locator:  ArmLink.exe V5.05 update 1 (build 106)
Library Manager: ArmAr.exe V5.05 update 1 (build 106)
Hex Converter:   FromElf.exe V5.05 update 1 (build 106)
CPU DLL:         SARMCM3.DLL V5.14.0.0
Dialog DLL:      DCM.DLL V1.13.1.0
Target DLL:      Segger\JL2CM3.dll V2.99.13.0
Dialog DLL:      TCM.DLL V1.14.4.0
 
<h2>Project:</h2>
C:\Users\suyang\Desktop\雄安项目代码\充电桩盒子\USER\LED.uvprojx
Project File Date:  01/08/2019

<h2>Output:</h2>
Build target 'LED'
compiling main.c...
main.c(20): warning:  #177-D: variable "t" was declared but never referenced
        u16 t;  
main.c(21): warning:  #550-D: variable "len" was set but never used
        u16 len;        
main.c(22): warning:  #177-D: variable "flag" was declared but never referenced
        u8 flag = 0;
main.c(23): warning:  #177-D: variable "flag_auth" was declared but never referenced
        u8 flag_auth = 0;
main.c(62): warning:  #1-D: last line of file ends without a newline
   
main.c: 5 warnings, 0 errors
compiling led.c...
linking...
Program Size: Code=2916 RO-data=268 RW-data=52 ZI-data=2036  
FromELF: creating hex file...
"..\OBJ\LED.axf" - 0 Error(s), 5 Warning(s).

<h2>Collection of Component include folders:</h2>
  C:\Users\suyang\Desktop\雄安项目代码\充电桩盒子\USER\RTE
  C:\Keil_v5\ARM\PACK\Keil\STM32F1xx_DFP\2.2.0

<h2>Collection of Component Files used:</h2>
</pre>
</body>
</html>
